---
source: src/responses/tests/insert_success.rs
expression: response

---
{
  "jsonapi": {
    "version": "1.0"
  },
  "links": {
    "self": "/comments"
  },
  "data": null
}
