---
source: src/responses/tests/select_success.rs
expression: response

---
{
  "jsonapi": {
    "version": "1.0"
  },
  "links": {
    "self": "/peoples/c49094ce-71ab-40d4-a642-ea200f72eac6"
  },
  "data": {
    "type": "peoples",
    "id": "073b5936-0acb-4601-b4b7-9de607dfc2ef",
    "attributes": "<some data>",
    "relationships": {
      "articles": {
        "links": {
          "self": "/peoples/073b5936-0acb-4601-b4b7-9de607dfc2ef/relationships/articles",
          "related": "/peoples/073b5936-0acb-4601-b4b7-9de607dfc2ef/articles"
        },
        "data": {
          "type": "articles",
          "id": "c49094ce-71ab-40d4-a642-ea200f72eac6"
        }
      }
    },
    "links": {
      "self": "/peoples/073b5936-0acb-4601-b4b7-9de607dfc2ef"
    }
  },
  "included": [
    {
      "type": "articles",
      "id": "c49094ce-71ab-40d4-a642-ea200f72eac6",
      "attributes": "<some data>",
      "relationships": {
        "comments": {
          "links": {
            "self": "/articles/c49094ce-71ab-40d4-a642-ea200f72eac6/relationships/comments",
            "related": "/articles/c49094ce-71ab-40d4-a642-ea200f72eac6/comments"
          },
          "data": {
            "type": "comments",
            "id": "f2dde16b-d26d-4b34-944f-7430c81e2d8e"
          }
        }
      },
      "links": {
        "self": "/articles/c49094ce-71ab-40d4-a642-ea200f72eac6"
      }
    },
    {
      "type": "comments",
      "id": "f2dde16b-d26d-4b34-944f-7430c81e2d8e",
      "attributes": "<some data>",
      "links": {
        "self": "/comments/f2dde16b-d26d-4b34-944f-7430c81e2d8e"
      }
    }
  ]
}
