---
source: src/outbound_request/tests/delete_success.rs
expression: response

---
{
  "jsonapi": {
    "version": "1.0"
  },
  "data": null
}
